
> store@0.0.0 build
> ng build

